// Jest Snapshot v1, https://goo.gl/fbAQLP

exports[`Check App 1`] = `
<div>
  <h3>
    B-React
  </h3>
  <p>
    A preset template for my self.
  </p>
  <ul>
    <li>
      typescript
    </li>
    <li>
      eslint and prettier
    </li>
    <li>
      babel
    </li>
    <li>
      jest
    </li>
    <li>
      webpack
    </li>
  </ul>
</div>
`;
